mode: set
_/home/mp/go/src/github.com/test/main.go:5.28,7.2 1 1
_/home/mp/go/src/github.com/test/main.go:9.13,11.2 1 0
